<html>
<body>
<pre>
<h1>µVision Build Log</h1>
<h2>Tool Versions:</h2>
IDE-Version: ¦ÌVision V5.13.0.0
Copyright (C) 2014 ARM Ltd and ARM Germany GmbH. All rights reserved.
License Information: skawu Microsoft, Microsoft, LIC=14HHL-05633-BE1HH-WNXTQ-ZQP6W-LM028
 
Tool Versions:
Toolchain:       MDK-ARM Standard  Version: 5.13.0.0
Toolchain Path:  E:\Keil_ARM\ARM\ARMCC\Bin
C Compiler:      Armcc.exe V5.05 update 1 (build 106)
Assembler:       Armasm.exe V5.05 update 1 (build 106)
Linker/Locator:  ArmLink.exe V5.05 update 1 (build 106)
Library Manager: ArmAr.exe V5.05 update 1 (build 106)
Hex Converter:   FromElf.exe V5.05 update 1 (build 106)
CPU DLL:         SARMCM3.DLL V5.13.0.0
Dialog DLL:      DARMSTM.DLL V1.65.0.0
Target DLL:      Segger\JL2CM3.dll V2.99.11.0
Dialog DLL:      TARMSTM.DLL V1.64.0.0
 
<h2>Project:</h2>
G:\0_0stm32\STM32_Template\Project\STM32.uvprojx
Project File Date:  07/20/2017

<h2>Output:</h2>
Build target 'STM32F103ZET6'
compiling uart.c...
..\User\uart\uart.c(64): warning:  #550-D: variable "temp" was set but never used
      uint16_t temp = 0;
..\User\uart\uart.c: 1 warning, 0 errors
linking...
Program Size: Code=4976 RO-data=336 RW-data=40 ZI-data=1760  
".\Objects\STM32.axf" - 0 Error(s), 1 Warning(s).

<h2>Collection of Component include folders:</h2>
  G:\0_0stm32\STM32_Template\Project\RTE
  E:\Keil_ARM\ARM\PACK\Keil\STM32F1xx_DFP\2.1.0

<h2>Collection of Component Files used:</h2>
</pre>
</body>
</html>
